[www.hanoisushi.cl/pedir.html]
[backblue.gif]
[fade.gif]
[index.html]
[tofuu.getjusto.com/orioneat-prod/nPTCuKme2vpx3KKXB-Ebi Maguro.jpg]
[tofuu.getjusto.com/orioneat-prod/dW3Xqwr8FaTNnR9ZJ-Captura de Pantalla 2020-08-14 a la(s) 12.35.29 p. m..png]
[webcdn.getjusto.com/assets/root-4Pt09sDS.css]
[www.hanoisushi.cl/delivery.html]
[www.hanoisushi.cl/index.html]
[www.hanoisushi.cl/contacto.html]
[www.hanoisushi.cl/Local Huehuraba - Av. Pedro fontova 7280 local 115]
[www.hanoisushi.cl/Av. Pedro Fontova 7280, Local 115]
[www.hanoisushi.cl/Cam. Los Trapenses 3200, Lo Barnechea, 7700334, Región Metropolitana]
[www.hanoisushi.cl/documentos-legales/termsAndConditions.html]
[webcdn.getjusto.com/assets/manifest-366d4552.js]
[www.hanoisushi.cl/documentos-legales/privacy.html]
[webcdn.getjusto.com/assets/entry.client-Dz8zWS6T.js]
[webcdn.getjusto.com/assets/jsx-runtime-BGxL3LVy.js]
[webcdn.getjusto.com/assets/dayjs-CnnXJK5V.js]
[webcdn.getjusto.com/assets/module-_ASt7nc-.js]
[webcdn.getjusto.com/assets/index-CB_6DRz4.js]
[webcdn.getjusto.com/assets/env-D6s-xqZ4.js]
[webcdn.getjusto.com/assets/context-D6yqZfdz.js]
[webcdn.getjusto.com/assets/index-CXeFjl5i.js]
[webcdn.getjusto.com/assets/index-G4ASVU0t.js]
[webcdn.getjusto.com/assets/components-C7TJjWXG.js]
[webcdn.getjusto.com/assets/dayjs.min-C_B9Zj0p.js]
[webcdn.getjusto.com/assets/index-CylivXx-.js]
[webcdn.getjusto.com/assets/useTranslation-B_PywvDf.js]
[webcdn.getjusto.com/assets/hooks-BXGtQO4o.js]
[webcdn.getjusto.com/assets/clock-0brtFX_G.js]
[webcdn.getjusto.com/assets/createLucideIcon-gj9TAl09.js]
[webcdn.getjusto.com/assets/index-D0OXZQwJ.js]
[webcdn.getjusto.com/assets/useWebsite-B2NA3eOh.js]
[webcdn.getjusto.com/assets/index-Dg1ijqza.js]
[webcdn.getjusto.com/assets/utils-mMyIM9tf.js]
[webcdn.getjusto.com/assets/Context-BxTGfssI.js]
[webcdn.getjusto.com/assets/ClientOnly-C9d8okrb.js]
[webcdn.getjusto.com/assets/orionjs-react-autoform.es-DuIzeafz.js]
[webcdn.getjusto.com/assets/apollo-hooks.es-DZ97-Of4.js]
[webcdn.getjusto.com/assets/useLocalStorage-DsJe66XE.js]
[webcdn.getjusto.com/assets/isJustoApp-DujzpsFs.js]
[webcdn.getjusto.com/assets/uniqueId-DlOYuaFD.js]
[webcdn.getjusto.com/assets/parser-CklOqoDN.js]
[webcdn.getjusto.com/assets/index-BJLV6hUK.js]
[webcdn.getjusto.com/assets/index-BHERncwe.js]
[webcdn.getjusto.com/assets/tooltip-saQE01Fr.js]
[webcdn.getjusto.com/assets/index-u35E67kG.js]
[webcdn.getjusto.com/assets/round-BOm5nOcu.js]
[webcdn.getjusto.com/assets/react-error-boundary.esm-Bqh86cdX.js]
[webcdn.getjusto.com/assets/index-cWEE_j1p.js]
[webcdn.getjusto.com/assets/index-Cdtwe2q-.js]
[webcdn.getjusto.com/assets/index-DUyAALTD.js]
[webcdn.getjusto.com/assets/WebsiteNotFound-Cojhfve0.js]
[webcdn.getjusto.com/assets/useHydrated-DGqRnkd3.js]
[webcdn.getjusto.com/assets/index-B7S20zKg.js]
[webcdn.getjusto.com/assets/clsx-B-dksMZM.js]
[webcdn.getjusto.com/assets/tslib.es6-B4nGuNfR.js]
[webcdn.getjusto.com/assets/useSearchParams-R8k8eN7N.js]
[webcdn.getjusto.com/assets/useStateWithTransition-BEN_QdyR.js]
[webcdn.getjusto.com/assets/index-Dz7ujoPl.js]
[webcdn.getjusto.com/assets/identity-CwXImgea.js]
[webcdn.getjusto.com/assets/index-Dpcw64aj.js]
[webcdn.getjusto.com/assets/get---A8iXU-.js]
[webcdn.getjusto.com/assets/isEqual-iux_d1W7.js]
[webcdn.getjusto.com/assets/index-C7wa7IgK.js]
[webcdn.getjusto.com/assets/index-BUY6SKgV.js]
[webcdn.getjusto.com/assets/button-B9Ixe4GG.js]
[webcdn.getjusto.com/assets/index-Bt5S1wHf.js]
[webcdn.getjusto.com/assets/index-7UdPD0wL.js]
[webcdn.getjusto.com/assets/Container-Cn3YuP-m.js]
[webcdn.getjusto.com/assets/getImageSrcSet-Duns6C57.js]
[webcdn.getjusto.com/assets/index-DbikbWEE.js]
[webcdn.getjusto.com/assets/loginViaAuth-CQHEdACz.js]
[webcdn.getjusto.com/assets/dropdown-menu-YfhecZr1.js]
[webcdn.getjusto.com/assets/index-BLnOCR5Q.js]
[webcdn.getjusto.com/assets/Combination-DP3is0_f.js]
[webcdn.getjusto.com/assets/react-icons.esm-D-bY5_Bc.js]
[webcdn.getjusto.com/assets/gql-CqV_3job.js]
[webcdn.getjusto.com/assets/index-D0qyXq4U.js]
[webcdn.getjusto.com/assets/useScript-DIQuGbCK.js]
[webcdn.getjusto.com/assets/useOnCreateSession.main-8_To5xw3.js]
[webcdn.getjusto.com/assets/shopping-bag-DGgdUTTN.js]
[webcdn.getjusto.com/assets/root-DKnNmNse.js]
[webcdn.getjusto.com/assets/index-DQcw9fEh.js]
[webcdn.getjusto.com/assets/index-D-adSmCD.js]
[webcdn.getjusto.com/assets/index-Dt72RQZy.js]
[webcdn.getjusto.com/assets/index-DYTzf-DC.js]
[webcdn.getjusto.com/assets/AddressButton-ABHnG3sb.js]
[webcdn.getjusto.com/assets/useWidth-DE4cobY2.js]
[webcdn.getjusto.com/assets/index-BKNjMPK8.js]
[webcdn.getjusto.com/assets/TimeButton-C3VNtdr7.js]
[webcdn.getjusto.com/assets/index-Dh_ekISa.js]
[webcdn.getjusto.com/assets/max-DoGq9HeY.js]
[webcdn.getjusto.com/assets/dialog-bcszeN6R.js]
[webcdn.getjusto.com/assets/Context-BarPatdd.js]
[webcdn.getjusto.com/assets/index-DR85t-yO.js]
[webcdn.getjusto.com/assets/popover-LlYgTbu8.js]
[webcdn.getjusto.com/assets/range-CqIzUPl_.js]
[webcdn.getjusto.com/assets/_isIterateeCall-2n3a4jSQ.js]
[webcdn.getjusto.com/assets/sleep-BvINh1mj.js]
[webcdn.getjusto.com/assets/skeleton-jaTN8ZDn.js]
[webcdn.getjusto.com/assets/index-DnxNFHVa.js]
[webcdn.getjusto.com/assets/input-DCrp_ykE.js]
[webcdn.getjusto.com/assets/index-BFQuIHSE.js]
[webcdn.getjusto.com/assets/index-BJo8DL8B.js]
[webcdn.getjusto.com/assets/index-Bzd9UY_1.js]
[webcdn.getjusto.com/assets/index-CCl8e3Fs.js]
[webcdn.getjusto.com/assets/index-DhFb9xq3.js]
[webcdn.getjusto.com/assets/useDebouncedValue-HavTh-j-.js]
[webcdn.getjusto.com/assets/locales-BYfpgGDl.js]
[webcdn.getjusto.com/assets/index-DwOHd2Rv.js]
[webcdn.getjusto.com/assets/seoMetaTags-BsljWNxe.js]
[webcdn.getjusto.com/assets/index-CohxQZEM.js]
[webcdn.getjusto.com/assets/breadcrumb-CmxDwxpD.js]
[webcdn.getjusto.com/assets/useActiveCategory-BOgNxwo5.js]
[webcdn.getjusto.com/assets/index-CVR8IHKf.js]
[webcdn.getjusto.com/assets/NoItems-iZFDApAL.js]
[webcdn.getjusto.com/assets/badge-DAjfRXK0.js]
[webcdn.getjusto.com/assets/useProductCardDesignData-DVnwvHwE.js]
[webcdn.getjusto.com/assets/useProductState-Dtp7AN7_.js]
[webcdn.getjusto.com/assets/Price-CKp0TGgO.js]
[webcdn.getjusto.com/assets/index-BALO_H0H.js]
[webcdn.getjusto.com/assets/card-DshXsK29.js]
[webcdn.getjusto.com/assets/useThrottledCallback-BjH78-KN.js]
[webcdn.getjusto.com/assets/get-MdeaVaBp.js]
[webcdn.getjusto.com/assets/index-NSQ-vbUo.js]
[webcdn.getjusto.com/assets/index-D0IKzcAI.js]
[webcdn.getjusto.com/assets/index-BbH7TfgA.js]
[webcdn.getjusto.com/assets/index-DCntFPjS.js]
[webcdn.getjusto.com/assets/carousel-WfFnvB-S.js]
[webcdn.getjusto.com/assets/ProductImage-D9_CEa6B.js]
[webcdn.getjusto.com/assets/_createAggregator-BbUU9R1n.js]
[webcdn.getjusto.com/assets/index-DVEwTJaE.js]
[webcdn.getjusto.com/assets/gql-CRk4Ju9I.js]
[webcdn.getjusto.com/assets/index-db-UEeGV.js]
[webcdn.getjusto.com/assets/coordinatesDistance-Q1p1zoOx.js]
[webcdn.getjusto.com/assets/isMobile-7q270MqN.js]
[www.hanoisushi.cl/pedir.html]
[webcdn.getjusto.com/assets/root-4Pt09sDS.css]
[webcdn.getjusto.com/assets/index-D4WGu668.css]
[www.hanoisushi.cl/index.html]
[webcdn.getjusto.com/assets/index-Cns4_ZSP.js]
[www.hanoisushi.cl/delivery.html]
[www.hanoisushi.cl/contacto.html]
[www.hanoisushi.cl/Local Huehuraba - Av.html]
[www.hanoisushi.cl/Av.html]
[www.hanoisushi.cl/Cam.html]
[webcdn.getjusto.com/assets/route-BI1lz4Ly.js]
[www.hanoisushi.cl/documentos-legales/_mailto_soportejustoapp@getjusto.html]
[www.hanoisushi.cl/documentos-legales/_http_/accounts.getjusto.com/_.8a.delayed]
[www.hanoisushi.cl/documentos-legales/_https_/wordtohtml.net_]
[www.hanoisushi.cl/documentos-legales/Local Huehuraba - Av.html]
[www.hanoisushi.cl/documentos-legales/Av.html]
[www.hanoisushi.cl/documentos-legales/Cam.html]
[www.hanoisushi.cl/documentos-legales/termsAndConditions.html]
[webcdn.getjusto.com/assets/index-BUqsclLO.js]
[www.hanoisushi.cl/documentos-legales/_http_/www.reservando.com/___span]
[www.hanoisushi.cl/documentos-legales/_https_/accounts.getjusto.com___span]
[www.hanoisushi.cl/documentos-legales/_https_/justo.link/mgvk5jffp___span]
[www.hanoisushi.cl/documentos-legales/privacy.html]
[www.hanoisushi.cl/documentos-legales/_mailto_soportejustoapp@getjusto.html]
[www.hanoisushi.cl/documentos-legales/_http_/accounts.getjusto.com/_.html]
[www.hanoisushi.cl/documentos-legales/_https_/wordtohtml.html]
[www.hanoisushi.cl/documentos-legales/Local Huehuraba - Av.html]
[www.hanoisushi.cl/documentos-legales/Av.html]
[www.hanoisushi.cl/documentos-legales/Cam.html]
[www.hanoisushi.cl/documentos-legales/_http_/www.reservando.com/___span.html]
[www.hanoisushi.cl/documentos-legales/_https_/accounts.getjusto.html]
[www.hanoisushi.cl/documentos-legales/_https_/justo.link/mgvk5jffp___span.html]
